2026/08/01 14:51:47 Initializing gallery database at data\gallery.db
2026/08/01 14:51:47 Initializing movies database at data\movies.db
2026/08/01 14:51:47 Initializing books database at data\books.db
2026/08/01 14:51:47 Initializing finance database at data\finance.db
2026/08/01 14:51:47 Initializing RPG database at data\rpg.db
2026/08/01 14:51:47 Initializing knowledge database at data\knowledge.db
2026/08/01 14:51:47 Initializing flashcards database at data\flashcards.db
2026/08/01 14:51:47 Initializing media database at data\media.db
2026/08/01 14:51:47 Initializing home database at data\home.db
2026/08/01 14:51:47 Initializing infinity database at data\infinity.db
2026/08/01 14:51:47 Initializing backup database at data\backup.db
2026/08/01 14:51:47 Initializing darkweb database at data\darkweb.db
2026/08/01 14:51:47 Initializing VM database at data\vm.db
2026/08/01 14:51:47 Initializing voice database at data\voice.db
2026/08/01 14:51:47 Initializing YouTube database at data\youtube.db
2026/08/01 14:51:47 Initializing system database at data\system.db
2026/08/01 14:51:47 Initializing sync database at data\sync.db
2026/08/01 14:51:47 Initializing sandbox database at data\sandbox.db
2026/08/01 14:51:47 Initializing devsim database at data\devsim.db
2026/08/01 14:51:47 Starting markdown filesystem watcher on ./data/markdown
2026/08/01 14:51:47 Vault Watcher started on ../../vault
2026/08/01 14:51:47 LifeOS Host Daemon starting background loop on port :50051
2026/08/01 14:51:47 Failed to update Custom DDNS: DDNS_API_URL environment variable is not set
2026/08/01 14:51:57 FS Watcher: Scanning for markdown updates...
2026/08/01 14:52:07 FS Watcher: Scanning for markdown updates...
2026/08/01 14:52:17 FS Watcher: Scanning for markdown updates...
2026/08/01 14:52:27 FS Watcher: Scanning for markdown updates...
2026/08/01 14:52:37 FS Watcher: Scanning for markdown updates...
^C