2026/08/01 14:39:01 Initializing gallery database at data\gallery.db
2026/08/01 14:39:01 Initializing movies database at data\movies.db
2026/08/01 14:39:01 Initializing books database at data\books.db
2026/08/01 14:39:01 Initializing finance database at data\finance.db
2026/08/01 14:39:01 Initializing RPG database at data\rpg.db
2026/08/01 14:39:01 Initializing knowledge database at data\knowledge.db
2026/08/01 14:39:01 Initializing flashcards database at data\flashcards.db
2026/08/01 14:39:01 Initializing media database at data\media.db
2026/08/01 14:39:01 Initializing home database at data\home.db
2026/08/01 14:39:01 Initializing infinity database at data\infinity.db
2026/08/01 14:39:01 Initializing backup database at data\backup.db
2026/08/01 14:39:01 Initializing darkweb database at data\darkweb.db
2026/08/01 14:39:01 Initializing VM database at data\vm.db
2026/08/01 14:39:01 Initializing voice database at data\voice.db
2026/08/01 14:39:01 Initializing YouTube database at data\youtube.db
2026/08/01 14:39:01 Initializing system database at data\system.db
2026/08/01 14:39:01 Initializing sync database at data\sync.db
2026/08/01 14:39:01 Initializing sandbox database at data\sandbox.db
2026/08/01 14:39:01 Initializing devsim database at data\devsim.db
2026/08/01 14:39:01 Starting markdown filesystem watcher on ./data/markdown
2026/08/01 14:39:01 Vault Watcher started on ../../vault
2026/08/01 14:39:01 LifeOS Host Daemon starting background loop on port :50051
2026/08/01 14:39:01 Failed to update Custom DDNS: DDNS_API_URL environment variable is not set
2026/08/01 14:39:11 FS Watcher: Scanning for markdown updates...
2026/08/01 14:39:21 FS Watcher: Scanning for markdown updates...
2026/08/01 14:39:31 FS Watcher: Scanning for markdown updates...
2026/08/01 14:39:41 FS Watcher: Scanning for markdown updates...
2026/08/01 14:39:51 FS Watcher: Scanning for markdown updates...
2026/08/01 14:40:01 FS Watcher: Scanning for markdown updates...
2026/08/01 14:40:11 FS Watcher: Scanning for markdown updates...
2026/08/01 14:40:21 FS Watcher: Scanning for markdown updates...
