2026/08/01 15:49:29 Initializing gallery database at data\gallery.db
2026/08/01 15:49:29 Initializing movies database at data\movies.db
2026/08/01 15:49:29 Initializing books database at data\books.db
2026/08/01 15:49:29 Initializing finance database at data\finance.db
2026/08/01 15:49:29 Initializing RPG database at data\rpg.db
2026/08/01 15:49:29 Initializing knowledge database at data\knowledge.db
2026/08/01 15:49:29 Initializing flashcards database at data\flashcards.db
2026/08/01 15:49:29 Initializing media database at data\media.db
2026/08/01 15:49:29 Initializing home database at data\home.db
2026/08/01 15:49:29 Initializing infinity database at data\infinity.db
2026/08/01 15:49:29 Initializing backup database at data\backup.db
2026/08/01 15:49:29 Initializing darkweb database at data\darkweb.db
2026/08/01 15:49:29 Initializing VM database at data\vm.db
2026/08/01 15:49:29 Initializing voice database at data\voice.db
2026/08/01 15:49:29 Initializing YouTube database at data\youtube.db
2026/08/01 15:49:29 Initializing system database at data\system.db
2026/08/01 15:49:29 Initializing sync database at data\sync.db
2026/08/01 15:49:29 Initializing sandbox database at data\sandbox.db
2026/08/01 15:49:29 Initializing devsim database at data\devsim.db
2026/08/01 15:49:29 Starting markdown filesystem watcher on ./data/markdown
2026/08/01 15:49:29 Vault Watcher started on ../../vault
2026/08/01 15:49:29 LifeOS Host Daemon starting background loop on port :50051
2026/08/01 15:49:29 Failed to update Custom DDNS: DDNS_API_URL environment variable is not set
2026/08/01 15:49:39 FS Watcher: Scanning for markdown updates...
2026/08/01 15:49:49 FS Watcher: Scanning for markdown updates...
