2026/08/01 15:05:21 Initializing gallery database at data\gallery.db
2026/08/01 15:05:21 Initializing movies database at data\movies.db
2026/08/01 15:05:21 Initializing books database at data\books.db
2026/08/01 15:05:21 Initializing finance database at data\finance.db
2026/08/01 15:05:21 Initializing RPG database at data\rpg.db
2026/08/01 15:05:21 Initializing knowledge database at data\knowledge.db
2026/08/01 15:05:21 Initializing flashcards database at data\flashcards.db
2026/08/01 15:05:21 Initializing media database at data\media.db
2026/08/01 15:05:21 Initializing home database at data\home.db
2026/08/01 15:05:21 Initializing infinity database at data\infinity.db
2026/08/01 15:05:21 Initializing backup database at data\backup.db
2026/08/01 15:05:21 Initializing darkweb database at data\darkweb.db
2026/08/01 15:05:21 Initializing VM database at data\vm.db
2026/08/01 15:05:21 Initializing voice database at data\voice.db
2026/08/01 15:05:21 Initializing YouTube database at data\youtube.db
2026/08/01 15:05:21 Initializing system database at data\system.db
2026/08/01 15:05:21 Initializing sync database at data\sync.db
2026/08/01 15:05:21 Initializing sandbox database at data\sandbox.db
2026/08/01 15:05:21 Initializing devsim database at data\devsim.db
2026/08/01 15:05:21 Starting markdown filesystem watcher on ./data/markdown
2026/08/01 15:05:21 LifeOS Host Daemon starting background loop on port :50051
2026/08/01 15:05:21 Vault Watcher started on ../../vault
2026/08/01 15:05:21 Failed to update Custom DDNS: DDNS_API_URL environment variable is not set
2026/08/01 15:05:31 FS Watcher: Scanning for markdown updates...
2026/08/01 15:05:41 FS Watcher: Scanning for markdown updates...
2026/08/01 15:05:51 FS Watcher: Scanning for markdown updates...
2026/08/01 15:06:01 FS Watcher: Scanning for markdown updates...
2026/08/01 15:06:11 FS Watcher: Scanning for markdown updates...
2026/08/01 15:06:21 FS Watcher: Scanning for markdown updates...
2026/08/01 15:06:31 FS Watcher: Scanning for markdown updates...
2026/08/01 15:06:41 FS Watcher: Scanning for markdown updates...
2026/08/01 15:06:51 FS Watcher: Scanning for markdown updates...
2026/08/01 15:07:01 FS Watcher: Scanning for markdown updates...
2026/08/01 15:07:11 FS Watcher: Scanning for markdown updates...
2026/08/01 15:07:21 FS Watcher: Scanning for markdown updates...
2026/08/01 15:07:31 FS Watcher: Scanning for markdown updates...
2026/08/01 15:07:41 FS Watcher: Scanning for markdown updates...
2026/08/01 15:07:51 FS Watcher: Scanning for markdown updates...
2026/08/01 15:08:01 FS Watcher: Scanning for markdown updates...
2026/08/01 15:08:11 FS Watcher: Scanning for markdown updates...
2026/08/01 15:08:21 FS Watcher: Scanning for markdown updates...
2026/08/01 15:08:31 FS Watcher: Scanning for markdown updates...
2026/08/01 15:08:41 FS Watcher: Scanning for markdown updates...
2026/08/01 15:08:51 FS Watcher: Scanning for markdown updates...
2026/08/01 15:09:01 FS Watcher: Scanning for markdown updates...
2026/08/01 15:09:11 FS Watcher: Scanning for markdown updates...
2026/08/01 15:09:20 WebSocket client registered: flutter_client (total: 1)
2026/08/01 15:09:21 FS Watcher: Scanning for markdown updates...
2026/08/01 15:09:31 FS Watcher: Scanning for markdown updates...
2026/08/01 15:09:41 FS Watcher: Scanning for markdown updates...
2026/08/01 15:09:51 FS Watcher: Scanning for markdown updates...
2026/08/01 15:10:01 FS Watcher: Scanning for markdown updates...
2026/08/01 15:10:11 FS Watcher: Scanning for markdown updates...
2026/08/01 15:10:21 FS Watcher: Scanning for markdown updates...
2026/08/01 15:10:31 FS Watcher: Scanning for markdown updates...
2026/08/01 15:10:41 FS Watcher: Scanning for markdown updates...
2026/08/01 15:10:51 FS Watcher: Scanning for markdown updates...
2026/08/01 15:11:01 FS Watcher: Scanning for markdown updates...
2026/08/01 15:11:11 FS Watcher: Scanning for markdown updates...
2026/08/01 15:11:21 FS Watcher: Scanning for markdown updates...
2026/08/01 15:11:31 FS Watcher: Scanning for markdown updates...
2026/08/01 15:11:41 FS Watcher: Scanning for markdown updates...
2026/08/01 15:11:51 FS Watcher: Scanning for markdown updates...
2026/08/01 15:12:01 FS Watcher: Scanning for markdown updates...
2026/08/01 15:12:11 FS Watcher: Scanning for markdown updates...
2026/08/01 15:12:21 FS Watcher: Scanning for markdown updates...
2026/08/01 15:12:31 FS Watcher: Scanning for markdown updates...
2026/08/01 15:12:41 FS Watcher: Scanning for markdown updates...
2026/08/01 15:12:44 WebSocket client disconnected: flutter_client (total: 0)
2026/08/01 15:12:51 FS Watcher: Scanning for markdown updates...
2026/08/01 15:13:01 FS Watcher: Scanning for markdown updates...
2026/08/01 15:13:11 FS Watcher: Scanning for markdown updates...
2026/08/01 15:13:21 FS Watcher: Scanning for markdown updates...
2026/08/01 15:13:31 FS Watcher: Scanning for markdown updates...
2026/08/01 15:13:36 WebSocket client registered: flutter_client (total: 1)
2026/08/01 15:13:41 FS Watcher: Scanning for markdown updates...
2026/08/01 15:13:51 FS Watcher: Scanning for markdown updates...
2026/08/01 15:14:01 FS Watcher: Scanning for markdown updates...
2026/08/01 15:14:11 FS Watcher: Scanning for markdown updates...
2026/08/01 15:14:21 FS Watcher: Scanning for markdown updates...
2026/08/01 15:14:31 FS Watcher: Scanning for markdown updates...
2026/08/01 15:14:41 FS Watcher: Scanning for markdown updates...
2026/08/01 15:14:51 FS Watcher: Scanning for markdown updates...
2026/08/01 15:15:01 FS Watcher: Scanning for markdown updates...
2026/08/01 15:15:11 FS Watcher: Scanning for markdown updates...
2026/08/01 15:15:21 FS Watcher: Scanning for markdown updates...
2026/08/01 15:15:21 Failed to update Custom DDNS: DDNS_API_URL environment variable is not set
2026/08/01 15:15:31 FS Watcher: Scanning for markdown updates...
2026/08/01 15:15:41 FS Watcher: Scanning for markdown updates...
2026/08/01 15:15:51 FS Watcher: Scanning for markdown updates...
2026/08/01 15:16:01 FS Watcher: Scanning for markdown updates...
2026/08/01 15:16:11 FS Watcher: Scanning for markdown updates...
2026/08/01 15:16:20 WebSocket client disconnected: flutter_client (total: 0)
2026/08/01 15:16:21 FS Watcher: Scanning for markdown updates...
2026/08/01 15:16:31 FS Watcher: Scanning for markdown updates...
2026/08/01 15:16:41 FS Watcher: Scanning for markdown updates...
2026/08/01 15:16:51 FS Watcher: Scanning for markdown updates...
2026/08/01 15:17:01 FS Watcher: Scanning for markdown updates...
2026/08/01 15:17:11 FS Watcher: Scanning for markdown updates...
2026/08/01 15:17:21 FS Watcher: Scanning for markdown updates...
2026/08/01 15:17:31 FS Watcher: Scanning for markdown updates...
2026/08/01 15:17:41 FS Watcher: Scanning for markdown updates...
2026/08/01 15:17:51 FS Watcher: Scanning for markdown updates...
2026/08/01 15:18:01 FS Watcher: Scanning for markdown updates...
2026/08/01 15:18:10 WebSocket client registered: flutter_client (total: 1)
2026/08/01 15:18:11 FS Watcher: Scanning for markdown updates...
2026/08/01 15:18:21 FS Watcher: Scanning for markdown updates...
2026/08/01 15:18:31 FS Watcher: Scanning for markdown updates...
2026/08/01 15:18:41 FS Watcher: Scanning for markdown updates...
2026/08/01 15:18:51 FS Watcher: Scanning for markdown updates...
2026/08/01 15:19:01 FS Watcher: Scanning for markdown updates...
2026/08/01 15:19:11 FS Watcher: Scanning for markdown updates...
2026/08/01 15:19:21 FS Watcher: Scanning for markdown updates...
2026/08/01 15:19:31 FS Watcher: Scanning for markdown updates...
2026/08/01 15:19:41 FS Watcher: Scanning for markdown updates...
2026/08/01 15:19:51 FS Watcher: Scanning for markdown updates...
2026/08/01 15:20:01 FS Watcher: Scanning for markdown updates...
2026/08/01 15:20:11 FS Watcher: Scanning for markdown updates...
2026/08/01 15:20:21 FS Watcher: Scanning for markdown updates...
2026/08/01 15:20:31 FS Watcher: Scanning for markdown updates...
2026/08/01 15:20:41 FS Watcher: Scanning for markdown updates...
2026/08/01 15:20:51 FS Watcher: Scanning for markdown updates...
2026/08/01 15:21:01 FS Watcher: Scanning for markdown updates...
2026/08/01 15:21:11 FS Watcher: Scanning for markdown updates...
2026/08/01 15:21:21 FS Watcher: Scanning for markdown updates...
2026/08/01 15:21:31 FS Watcher: Scanning for markdown updates...
2026/08/01 15:21:41 FS Watcher: Scanning for markdown updates...
2026/08/01 15:21:51 FS Watcher: Scanning for markdown updates...
2026/08/01 15:22:01 FS Watcher: Scanning for markdown updates...
2026/08/01 15:22:11 FS Watcher: Scanning for markdown updates...
2026/08/01 15:22:21 FS Watcher: Scanning for markdown updates...
2026/08/01 15:22:31 FS Watcher: Scanning for markdown updates...
2026/08/01 15:22:41 FS Watcher: Scanning for markdown updates...
2026/08/01 15:22:51 FS Watcher: Scanning for markdown updates...
2026/08/01 15:23:01 FS Watcher: Scanning for markdown updates...
2026/08/01 15:23:11 FS Watcher: Scanning for markdown updates...
2026/08/01 15:23:21 FS Watcher: Scanning for markdown updates...
2026/08/01 15:23:31 FS Watcher: Scanning for markdown updates...
