2026/08/01 14:40:45 Initializing gallery database at data\gallery.db
2026/08/01 14:40:45 Initializing movies database at data\movies.db
2026/08/01 14:40:45 Initializing books database at data\books.db
2026/08/01 14:40:45 Initializing finance database at data\finance.db
2026/08/01 14:40:45 Initializing RPG database at data\rpg.db
2026/08/01 14:40:45 Initializing knowledge database at data\knowledge.db
2026/08/01 14:40:45 Initializing flashcards database at data\flashcards.db
2026/08/01 14:40:45 Initializing media database at data\media.db
2026/08/01 14:40:45 Initializing home database at data\home.db
2026/08/01 14:40:45 Initializing infinity database at data\infinity.db
2026/08/01 14:40:45 Initializing backup database at data\backup.db
2026/08/01 14:40:45 Initializing darkweb database at data\darkweb.db
2026/08/01 14:40:45 Initializing VM database at data\vm.db
2026/08/01 14:40:45 Initializing voice database at data\voice.db
2026/08/01 14:40:45 Initializing YouTube database at data\youtube.db
2026/08/01 14:40:45 Initializing system database at data\system.db
2026/08/01 14:40:45 Initializing sync database at data\sync.db
2026/08/01 14:40:45 Initializing sandbox database at data\sandbox.db
2026/08/01 14:40:45 Initializing devsim database at data\devsim.db
2026/08/01 14:40:45 Starting markdown filesystem watcher on ./data/markdown
2026/08/01 14:40:45 Vault Watcher started on ../../vault
2026/08/01 14:40:45 LifeOS Host Daemon starting background loop on port :50051
2026/08/01 14:40:45 Failed to update Custom DDNS: DDNS_API_URL environment variable is not set
2026/08/01 14:40:55 FS Watcher: Scanning for markdown updates...
2026/08/01 14:41:05 FS Watcher: Scanning for markdown updates...
2026/08/01 14:41:15 FS Watcher: Scanning for markdown updates...
2026/08/01 14:41:24 WebSocket client registered: flutter_client (total: 1)
2026/08/01 14:41:25 Applied XP Decay: Lost 154 XP due to 27 inactive days
2026/08/01 14:41:25 Applied Attribute Atrophy: Lost 22 points due to 27 inactive days
2026/08/01 14:41:25 FS Watcher: Scanning for markdown updates...
2026/08/01 14:41:35 FS Watcher: Scanning for markdown updates...
2026/08/01 14:41:45 FS Watcher: Scanning for markdown updates...
2026/08/01 14:41:55 FS Watcher: Scanning for markdown updates...
2026/08/01 14:42:05 FS Watcher: Scanning for markdown updates...
2026/08/01 14:42:15 FS Watcher: Scanning for markdown updates...
2026/08/01 14:42:25 FS Watcher: Scanning for markdown updates...
2026/08/01 14:42:35 FS Watcher: Scanning for markdown updates...
2026/08/01 14:42:45 FS Watcher: Scanning for markdown updates...
2026/08/01 14:42:55 FS Watcher: Scanning for markdown updates...
2026/08/01 14:43:05 FS Watcher: Scanning for markdown updates...
2026/08/01 14:43:15 FS Watcher: Scanning for markdown updates...
2026/08/01 14:43:25 FS Watcher: Scanning for markdown updates...
2026/08/01 14:43:35 FS Watcher: Scanning for markdown updates...
2026/08/01 14:43:45 FS Watcher: Scanning for markdown updates...
2026/08/01 14:43:55 FS Watcher: Scanning for markdown updates...
2026/08/01 14:44:05 FS Watcher: Scanning for markdown updates...
2026/08/01 14:44:15 FS Watcher: Scanning for markdown updates...
2026/08/01 14:44:25 FS Watcher: Scanning for markdown updates...
^C